2026-06-10 22:13:08,954 | INFO | POST /forecast/week Status=200 Duration=1.545s
2026-06-10 22:13:12,732 | INFO | POST /forecast/week Status=200 Duration=0.372s
2026-06-10 22:26:21,640 | INFO | GET /docs Status=200 Duration=0.000s
2026-06-10 22:26:22,833 | INFO | GET /openapi.json Status=200 Duration=0.688s
2026-06-10 22:26:34,286 | INFO | GET /metrics Status=200 Duration=0.005s
2026-06-10 22:26:37,264 | INFO | GET /metrics Status=200 Duration=0.002s
2026-06-10 22:30:22,670 | INFO | POST /forecast Status=200 Duration=1.300s
2026-06-10 22:30:31,758 | INFO | GET /metrics Status=200 Duration=0.000s
2026-06-10 22:35:14,287 | INFO | GET /docs Status=200 Duration=0.002s
2026-06-10 22:35:14,600 | INFO | GET /openapi.json Status=200 Duration=0.142s
2026-06-10 22:35:29,472 | INFO | POST /forecast Status=200 Duration=1.368s
2026-06-10 22:35:31,731 | INFO | POST /forecast Status=200 Duration=0.922s
2026-06-10 22:35:33,523 | INFO | POST /forecast Status=200 Duration=0.973s
2026-06-10 22:35:45,474 | INFO | GET /model/stats Status=200 Duration=0.004s
2026-06-11 14:17:53,359 | INFO | POST /forecast Status=200 Duration=36.308s
2026-06-12 17:32:48,023 | INFO | POST /forecast/async Status=200 Duration=50.220s
2026-06-12 17:56:04,768 | INFO | POST /forecast/async Status=200 Duration=0.000s
2026-06-12 17:56:16,039 | INFO | GET /docs Status=200 Duration=0.114s
2026-06-12 17:56:24,751 | INFO | GET /openapi.json Status=200 Duration=3.777s
2026-06-12 17:57:34,145 | INFO | POST /forecast/async Status=200 Duration=0.006s
2026-06-12 18:38:22,499 | INFO | POST /forecast/async Status=200 Duration=9.569s
2026-06-12 18:44:19,831 | INFO | POST /forecast/async Status=200 Duration=15.571s
2026-06-12 18:55:57,331 | INFO | POST /forecast/async Status=200 Duration=6.613s
2026-06-12 18:57:46,587 | INFO | GET /task/0b744a32-9cd1-412d-8e54-b6b9cabcdda6 Status=200 Duration=2.051s
2026-06-12 19:01:06,763 | INFO | POST /forecast/async Status=200 Duration=0.006s
2026-06-12 19:01:30,756 | INFO | GET /task/09cf3755-7f2c-4379-bc91-c3c4c7daf831 Status=200 Duration=0.006s
2026-06-16 03:21:37,798 | INFO | GET /docs Status=200 Duration=0.000s
2026-06-16 03:21:45,097 | INFO | GET /openapi.json Status=200 Duration=0.854s
2026-06-16 03:22:04,135 | INFO | GET /dashboard/accuracy Status=200 Duration=4.740s
2026-06-16 03:23:17,824 | INFO | POST /forecast Status=200 Duration=11.310s
2026-06-16 03:23:24,342 | INFO | GET /dashboard/accuracy Status=200 Duration=0.000s
2026-06-16 04:24:44,388 | INFO | GET /docs Status=200 Duration=0.001s
2026-06-16 04:24:59,764 | INFO | GET /openapi.json Status=200 Duration=6.848s
2026-06-16 04:31:46,644 | INFO | GET /dashboard/worst-forecasts Status=200 Duration=5.103s
2026-06-18 04:01:51,563 | INFO | GET /docs Status=200 Duration=0.000s
2026-06-18 04:01:54,382 | INFO | GET /openapi.json Status=200 Duration=0.308s
2026-06-18 04:02:08,370 | INFO | GET /dashboard/insights Status=200 Duration=0.009s
2026-06-18 04:02:31,802 | INFO | GET /dashboard/worst-forecasts Status=200 Duration=1.104s
2026-06-18 04:12:52,092 | INFO | GET /docs Status=200 Duration=0.000s
2026-06-18 04:12:55,726 | INFO | GET /openapi.json Status=200 Duration=0.705s
2026-06-18 04:13:21,152 | INFO | POST /dashboard/report Status=200 Duration=1.449s
2026-06-21 07:37:13,279 | INFO | GET /docs Status=200 Duration=0.002s
2026-06-21 07:37:16,175 | INFO | GET /openapi.json Status=200 Duration=0.411s
2026-06-21 07:37:34,677 | INFO | GET /monitoring/health Status=200 Duration=0.156s
2026-06-21 07:59:40,642 | INFO | GET /monitoring/health Status=200 Duration=0.244s
2026-06-21 08:10:53,010 | INFO | GET /monitoring/health Status=200 Duration=0.325s
2026-06-24 08:34:25,795 | INFO | GET /monitoring/health Status=200 Duration=0.534s
2026-06-24 13:22:38,075 | INFO | GET /dashboard/accuracy Status=200 Duration=7.265s
2026-06-24 14:08:56,238 | INFO | GET /docs Status=200 Duration=0.002s
2026-06-24 14:09:24,006 | INFO | GET /openapi.json Status=200 Duration=1.443s
2026-06-24 14:09:46,859 | INFO | GET /metrics Status=200 Duration=0.008s
2026-06-24 14:20:29,948 | INFO | GET /monitoring/metrics Status=200 Duration=1.617s
2026-06-26 08:31:57,295 | INFO | GET /docs Status=200 Duration=0.000s
2026-06-26 08:32:03,200 | INFO | GET /openapi.json Status=200 Duration=1.962s
2026-06-26 08:35:32,761 | INFO | GET /docs Status=200 Duration=0.000s
2026-06-26 08:35:33,132 | INFO | GET /openapi.json Status=200 Duration=0.142s
2026-06-26 08:35:54,221 | INFO | GET /docs Status=200 Duration=0.000s
2026-06-26 08:35:54,349 | INFO | GET /openapi.json Status=200 Duration=0.000s
2026-06-26 08:36:55,814 | INFO | GET /metrics Status=200 Duration=0.005s
2026-06-26 08:49:02,742 | INFO | GET /docs Status=200 Duration=0.008s
2026-06-26 08:49:03,367 | INFO | GET /openapi.json Status=200 Duration=0.361s
2026-06-26 08:49:28,384 | INFO | GET /monitoring/health Status=200 Duration=3.357s
2026-06-26 08:49:39,039 | INFO | GET /metrics Status=200 Duration=0.003s
2026-06-28 08:00:25,428 | INFO | GET /docs Status=200 Duration=0.011s
2026-06-28 08:00:34,527 | INFO | GET /docs Status=200 Duration=0.000s
2026-06-28 08:00:55,426 | INFO | GET /openapi.json Status=200 Duration=4.501s
2026-06-28 08:29:26,539 | INFO | GET /docs Status=200 Duration=0.160s
2026-06-28 08:29:53,609 | INFO | GET /docs Status=200 Duration=0.000s
2026-06-28 08:30:07,695 | INFO | GET /openapi.json Status=200 Duration=2.889s
2026-06-28 08:31:59,506 | INFO | GET /dashboard/job-history Status=200 Duration=15.831s
2026-06-28 17:59:38,503 | INFO | GET /docs Status=200 Duration=0.002s
2026-06-28 17:59:57,863 | INFO | GET /openapi.json Status=200 Duration=3.655s
